PREHOOK: query: DROP TABLE cf_demo_TBL
PREHOOK: type: DROPTABLE
PREHOOK: Input: default@cf_demo_tbl
PREHOOK: Output: default@cf_demo_tbl
POSTHOOK: query: DROP TABLE cf_demo_TBL
POSTHOOK: type: DROPTABLE
POSTHOOK: Input: default@cf_demo_tbl
POSTHOOK: Output: default@cf_demo_tbl
PREHOOK: query: --Test LongType and IntegerType without using validatorType setting
CREATE EXTERNAL TABLE cf_demo_TBL(row_key STRING,
                                             uniqueid String,
                                             countLong BIGINT,
                                             countInt INT)
      STORED BY 'org.apache.hadoop.hive.cassandra.CassandraStorageHandler'
      WITH SERDEPROPERTIES ("cassandra.port" = "9170",
                            "cassandra.columns.mapping" = ":key,
                                                           uniqueid,
                                                           countLong,
                                                           countInt")
      TBLPROPERTIES ("cassandra.ks.name" = "ks_demo",
                     "cassandra.slice.predicate.size" = "100",
                     "cassandra.cf.name" = "cf_demo")
PREHOOK: type: CREATETABLE
POSTHOOK: query: --Test LongType and IntegerType without using validatorType setting
CREATE EXTERNAL TABLE cf_demo_TBL(row_key STRING,
                                             uniqueid String,
                                             countLong BIGINT,
                                             countInt INT)
      STORED BY 'org.apache.hadoop.hive.cassandra.CassandraStorageHandler'
      WITH SERDEPROPERTIES ("cassandra.port" = "9170",
                            "cassandra.columns.mapping" = ":key,
                                                           uniqueid,
                                                           countLong,
                                                           countInt")
      TBLPROPERTIES ("cassandra.ks.name" = "ks_demo",
                     "cassandra.slice.predicate.size" = "100",
                     "cassandra.cf.name" = "cf_demo")
POSTHOOK: type: CREATETABLE
POSTHOOK: Output: default@cf_demo_TBL
PREHOOK: query: --Skip uiniqueid as invalid characters will show up
select row_key, countLong, countInt from cf_demo_TBL
PREHOOK: type: QUERY
PREHOOK: Input: default@cf_demo_tbl
PREHOOK: Output: file:/var/folders/1j/slkp1q2x5l396rl25rhlw8qw0000gn/T/yeweizhang/hive_2011-08-16_23-25-36_325_5238374836810972481/-mr-10000
POSTHOOK: query: --Skip uiniqueid as invalid characters will show up
select row_key, countLong, countInt from cf_demo_TBL
POSTHOOK: type: QUERY
POSTHOOK: Input: default@cf_demo_tbl
POSTHOOK: Output: file:/var/folders/1j/slkp1q2x5l396rl25rhlw8qw0000gn/T/yeweizhang/hive_2011-08-16_23-25-36_325_5238374836810972481/-mr-10000
rowKey1	1223456	234
PREHOOK: query: --Test cassandra.cf.validatorType setting
DROP TABLE cf_demo_TBL
PREHOOK: type: DROPTABLE
PREHOOK: Input: default@cf_demo_tbl
PREHOOK: Output: default@cf_demo_tbl
POSTHOOK: query: --Test cassandra.cf.validatorType setting
DROP TABLE cf_demo_TBL
POSTHOOK: type: DROPTABLE
POSTHOOK: Input: default@cf_demo_tbl
POSTHOOK: Output: default@cf_demo_tbl
PREHOOK: query: CREATE EXTERNAL TABLE cf_demo_TBL(row_key STRING,
                                             uniqueid String,
                                             countLong BIGINT,
                                             countInt INT)
      STORED BY 'org.apache.hadoop.hive.cassandra.CassandraStorageHandler'
      WITH SERDEPROPERTIES ("cassandra.port" = "9170",
                            "cassandra.columns.mapping" = ":key,
                                                           uniqueid,
                                                           countLong,
                                                           countInt",
                            "cassandra.cf.validatorType" = "UTF8Type,
                                                            LexicalUUIDType,
                                                            LongType,
                                                            IntegerType")
      TBLPROPERTIES ("cassandra.ks.name" = "ks_demo",
                     "cassandra.slice.predicate.size" = "100",
                     "cassandra.cf.name" = "cf_demo")
PREHOOK: type: CREATETABLE
POSTHOOK: query: CREATE EXTERNAL TABLE cf_demo_TBL(row_key STRING,
                                             uniqueid String,
                                             countLong BIGINT,
                                             countInt INT)
      STORED BY 'org.apache.hadoop.hive.cassandra.CassandraStorageHandler'
      WITH SERDEPROPERTIES ("cassandra.port" = "9170",
                            "cassandra.columns.mapping" = ":key,
                                                           uniqueid,
                                                           countLong,
                                                           countInt",
                            "cassandra.cf.validatorType" = "UTF8Type,
                                                            LexicalUUIDType,
                                                            LongType,
                                                            IntegerType")
      TBLPROPERTIES ("cassandra.ks.name" = "ks_demo",
                     "cassandra.slice.predicate.size" = "100",
                     "cassandra.cf.name" = "cf_demo")
POSTHOOK: type: CREATETABLE
POSTHOOK: Output: default@cf_demo_TBL
PREHOOK: query: select row_key, uniqueid, countLong, countInt from cf_demo_TBL
PREHOOK: type: QUERY
PREHOOK: Input: default@cf_demo_tbl
PREHOOK: Output: file:/var/folders/1j/slkp1q2x5l396rl25rhlw8qw0000gn/T/yeweizhang/hive_2011-08-16_23-25-39_911_6082435943148896909/-mr-10000
POSTHOOK: query: select row_key, uniqueid, countLong, countInt from cf_demo_TBL
POSTHOOK: type: QUERY
POSTHOOK: Input: default@cf_demo_tbl
POSTHOOK: Output: file:/var/folders/1j/slkp1q2x5l396rl25rhlw8qw0000gn/T/yeweizhang/hive_2011-08-16_23-25-39_911_6082435943148896909/-mr-10000
rowKey1	4fd1d3a0-a76d-11e0-0000-c6fa7f155dfe	1223456	234
PREHOOK: query: --Test cassandra.cf.validatorType setting in different format
DROP TABLE cf_demo_TBL
PREHOOK: type: DROPTABLE
PREHOOK: Input: default@cf_demo_tbl
PREHOOK: Output: default@cf_demo_tbl
POSTHOOK: query: --Test cassandra.cf.validatorType setting in different format
DROP TABLE cf_demo_TBL
POSTHOOK: type: DROPTABLE
POSTHOOK: Input: default@cf_demo_tbl
POSTHOOK: Output: default@cf_demo_tbl
PREHOOK: query: CREATE EXTERNAL TABLE cf_demo_TBL(row_key STRING,
                                             uniqueid String,
                                             countLong BIGINT,
                                             countInt INT)
      STORED BY 'org.apache.hadoop.hive.cassandra.CassandraStorageHandler'
      WITH SERDEPROPERTIES ("cassandra.port" = "9170",
                            "cassandra.columns.mapping" = ":key,
                                                           uniqueid,
                                                           countLong,
                                                           countInt",
                            "cassandra.cf.validatorType" = ",LexicalUUIDType,,IntegerType")
      TBLPROPERTIES ("cassandra.ks.name" = "ks_demo",
                     "cassandra.slice.predicate.size" = "100",
                     "cassandra.cf.name" = "cf_demo")
PREHOOK: type: CREATETABLE
POSTHOOK: query: CREATE EXTERNAL TABLE cf_demo_TBL(row_key STRING,
                                             uniqueid String,
                                             countLong BIGINT,
                                             countInt INT)
      STORED BY 'org.apache.hadoop.hive.cassandra.CassandraStorageHandler'
      WITH SERDEPROPERTIES ("cassandra.port" = "9170",
                            "cassandra.columns.mapping" = ":key,
                                                           uniqueid,
                                                           countLong,
                                                           countInt",
                            "cassandra.cf.validatorType" = ",LexicalUUIDType,,IntegerType")
      TBLPROPERTIES ("cassandra.ks.name" = "ks_demo",
                     "cassandra.slice.predicate.size" = "100",
                     "cassandra.cf.name" = "cf_demo")
POSTHOOK: type: CREATETABLE
POSTHOOK: Output: default@cf_demo_TBL
PREHOOK: query: select row_key, uniqueid, countLong, countInt from cf_demo_TBL
PREHOOK: type: QUERY
PREHOOK: Input: default@cf_demo_tbl
PREHOOK: Output: file:/var/folders/1j/slkp1q2x5l396rl25rhlw8qw0000gn/T/yeweizhang/hive_2011-08-16_23-25-46_205_1017936674975282246/-mr-10000
POSTHOOK: query: select row_key, uniqueid, countLong, countInt from cf_demo_TBL
POSTHOOK: type: QUERY
POSTHOOK: Input: default@cf_demo_tbl
POSTHOOK: Output: file:/var/folders/1j/slkp1q2x5l396rl25rhlw8qw0000gn/T/yeweizhang/hive_2011-08-16_23-25-46_205_1017936674975282246/-mr-10000
726f774b657931	4fd1d3a0-a76d-11e0-0000-c6fa7f155dfe	000000000012ab20	234
PREHOOK: query: --Test super column family
DROP TABLE super_demo_TBL
PREHOOK: type: DROPTABLE
PREHOOK: Input: default@super_demo_tbl
PREHOOK: Output: default@super_demo_tbl
POSTHOOK: query: --Test super column family
DROP TABLE super_demo_TBL
POSTHOOK: type: DROPTABLE
POSTHOOK: Input: default@super_demo_tbl
POSTHOOK: Output: default@super_demo_tbl
PREHOOK: query: CREATE EXTERNAL TABLE super_demo_TBL(row_key STRING,
                                     uniqueid String,
                                     countLong BIGINT,
                                     countInt INT)
      STORED BY 'org.apache.hadoop.hive.cassandra.CassandraStorageHandler'
      WITH SERDEPROPERTIES ("cassandra.port" = "9170",
                            "cassandra.columns.mapping" = ":key,:column,:subcolumn,:value",
                            "cassandra.cf.validatorType" = "UTF8Type,UTF8Type,UTF8Type,LongType")
      TBLPROPERTIES ("cassandra.ks.name" = "super_ks_demo",
                     "cassandra.slice.predicate.size" = "100",
                     "cassandra.cf.name" = "super_cf_demo")
PREHOOK: type: CREATETABLE
POSTHOOK: query: CREATE EXTERNAL TABLE super_demo_TBL(row_key STRING,
                                     uniqueid String,
                                     countLong BIGINT,
                                     countInt INT)
      STORED BY 'org.apache.hadoop.hive.cassandra.CassandraStorageHandler'
      WITH SERDEPROPERTIES ("cassandra.port" = "9170",
                            "cassandra.columns.mapping" = ":key,:column,:subcolumn,:value",
                            "cassandra.cf.validatorType" = "UTF8Type,UTF8Type,UTF8Type,LongType")
      TBLPROPERTIES ("cassandra.ks.name" = "super_ks_demo",
                     "cassandra.slice.predicate.size" = "100",
                     "cassandra.cf.name" = "super_cf_demo")
POSTHOOK: type: CREATETABLE
POSTHOOK: Output: default@super_demo_TBL
PREHOOK: query: select row_key, uniqueid, countLong, countInt from super_demo_TBL
PREHOOK: type: QUERY
PREHOOK: Input: default@super_demo_tbl
PREHOOK: Output: file:/var/folders/b-/b-vBB2wVHpaVQzxVjeViaE+++TI/-Tmp-/yeweizhang/hive_2011-07-14_16-41-08_958_888039772998731021/-mr-10000
POSTHOOK: query: select row_key, uniqueid, countLong, countInt from super_demo_TBL
POSTHOOK: type: QUERY
POSTHOOK: Input: default@super_demo_tbl
POSTHOOK: Output: file:/var/folders/b-/b-vBB2wVHpaVQzxVjeViaE+++TI/-Tmp-/yeweizhang/hive_2011-07-14_16-41-08_958_888039772998731021/-mr-10000
4fd1d3a0-a76d-11e0-0000-c6fa7f155dfe	key1	countLong	1223456
