PREHOOK: query: -- View must have at least one non-partition column.

drop view v
PREHOOK: type: DROPVIEW
POSTHOOK: query: -- View must have at least one non-partition column.

drop view v
POSTHOOK: type: DROPVIEW
PREHOOK: query: create view v partitioned on (ds, hr) as select * from srcpart
PREHOOK: type: CREATEVIEW
PREHOOK: Output: file:/var/folders/fe/fefl-ow3ElaEd1ns0G7jB0uewEQ/-Tmp-/charleschen/hive_2011-07-19_17-38-51_755_6211139129269008947/-mr-10000
POSTHOOK: query: create view v partitioned on (ds, hr) as select * from srcpart
POSTHOOK: type: CREATEVIEW
POSTHOOK: Output: default@v
POSTHOOK: Output: file:/var/folders/fe/fefl-ow3ElaEd1ns0G7jB0uewEQ/-Tmp-/charleschen/hive_2011-07-19_17-38-51_755_6211139129269008947/-mr-10000
FAILED: Error in semantic analysis: At least one non-partitioning column must be present in view
