PREHOOK: query: -- Can't combine IF NOT EXISTS and OR REPLACE.

drop view v
PREHOOK: type: DROPVIEW
POSTHOOK: query: -- Can't combine IF NOT EXISTS and OR REPLACE.

drop view v
POSTHOOK: type: DROPVIEW
PREHOOK: query: create view v partitioned on (ds, hr) as select * from srcpart
PREHOOK: type: CREATEVIEW
PREHOOK: Output: file:/var/folders/fe/fefl-ow3ElaEd1ns0G7jB0uewEQ/-Tmp-/charleschen/hive_2011-07-19_17-58-18_909_5395846283955516132/-mr-10000
POSTHOOK: query: create view v partitioned on (ds, hr) as select * from srcpart
POSTHOOK: type: CREATEVIEW
POSTHOOK: Output: default@v
POSTHOOK: Output: file:/var/folders/fe/fefl-ow3ElaEd1ns0G7jB0uewEQ/-Tmp-/charleschen/hive_2011-07-19_17-58-18_909_5395846283955516132/-mr-10000
FAILED: Error in semantic analysis: Can't combine IF NOT EXISTS and OR REPLACE.
