PREHOOK: query: -- Can't update view to have an invalid definition

drop view v
PREHOOK: type: DROPVIEW
POSTHOOK: query: -- Can't update view to have an invalid definition

drop view v
POSTHOOK: type: DROPVIEW
PREHOOK: query: create view v partitioned on (ds, hr) as select * from srcpart
PREHOOK: type: CREATEVIEW
PREHOOK: Output: file:/var/folders/fe/fefl-ow3ElaEd1ns0G7jB0uewEQ/-Tmp-/charleschen/hive_2011-07-19_17-49-23_584_6857578723636604615/-mr-10000
POSTHOOK: query: create view v partitioned on (ds, hr) as select * from srcpart
POSTHOOK: type: CREATEVIEW
POSTHOOK: Output: default@v
POSTHOOK: Output: file:/var/folders/fe/fefl-ow3ElaEd1ns0G7jB0uewEQ/-Tmp-/charleschen/hive_2011-07-19_17-49-23_584_6857578723636604615/-mr-10000
FAILED: Parse Error: line 2:52 cannot recognize input near 'blah' '<EOF>' '<EOF>' in select clause

