PREHOOK: query: -- Cannot add or drop partition columns with CREATE OR REPLACE VIEW if partitions currently exist (must specify partition columns)

drop view v
PREHOOK: type: DROPVIEW
POSTHOOK: query: -- Cannot add or drop partition columns with CREATE OR REPLACE VIEW if partitions currently exist (must specify partition columns)

drop view v
POSTHOOK: type: DROPVIEW
PREHOOK: query: create view v partitioned on (ds, hr) as select * from srcpart
PREHOOK: type: CREATEVIEW
PREHOOK: Output: file:/tmp/salbiz/hive_2011-08-01_16-13-56_957_1955443226150142083/-mr-10000
POSTHOOK: query: create view v partitioned on (ds, hr) as select * from srcpart
POSTHOOK: type: CREATEVIEW
POSTHOOK: Output: default@v
POSTHOOK: Output: file:/tmp/salbiz/hive_2011-08-01_16-13-56_957_1955443226150142083/-mr-10000
PREHOOK: query: alter view v add partition (ds='1',hr='2')
PREHOOK: type: ALTERTABLE_ADDPARTS
PREHOOK: Input: default@v
POSTHOOK: query: alter view v add partition (ds='1',hr='2')
POSTHOOK: type: ALTERTABLE_ADDPARTS
POSTHOOK: Input: default@v
POSTHOOK: Output: default@v@ds=1/hr=2
PREHOOK: query: create or replace view v as select * from srcpart
PREHOOK: type: CREATEVIEW
PREHOOK: Output: file:/tmp/salbiz/hive_2011-08-01_16-13-57_152_1055947460038057038/-mr-10000
FAILED: Error in metadata: Cannot add or drop partition columns with CREATE OR REPLACE VIEW if partitions currently exist
FAILED: Execution Error, return code 1 from org.apache.hadoop.hive.ql.exec.DDLTask
