PREHOOK: query: -- Test to ensure that a script with a bad error code still fails even with partial consumption
SELECT TRANSFORM(*) USING 'false' AS a, b, c FROM (SELECT * FROM src LIMIT 1) tmp
PREHOOK: type: QUERY
PREHOOK: Input: default@src
PREHOOK: Output: file:/tmp/salbiz/hive_2011-08-02_17-12-28_813_6316382116761729323/-mr-10000
Execution failed with exit status: 2
Obtaining error information

Task failed!
Task ID:
  Stage-1

Logs:

/data/users/salbiz/apache-hive/build/ql/tmp//hive.log
FAILED: Execution Error, return code 2 from org.apache.hadoop.hive.ql.exec.MapRedTask
