PREHOOK: query: CREATE TEMPORARY FUNCTION test_error AS 'org.apache.hadoop.hive.ql.udf.UDFTestErrorOnFalse'
PREHOOK: type: CREATEFUNCTION
POSTHOOK: query: CREATE TEMPORARY FUNCTION test_error AS 'org.apache.hadoop.hive.ql.udf.UDFTestErrorOnFalse'
POSTHOOK: type: CREATEFUNCTION
PREHOOK: query: SELECT test_error(key < 125 OR key > 130)
FROM (
  SELECT *
  FROM src
  DISTRIBUTE BY rand()
) map_output
PREHOOK: type: QUERY
PREHOOK: Input: default@src
PREHOOK: Output: file:/tmp/salbiz/hive_2011-08-02_17-12-55_772_7446403141126843360/-mr-10000
Execution failed with exit status: 2
Obtaining error information

Task failed!
Task ID:
  Stage-1

Logs:

/data/users/salbiz/apache-hive/build/ql/tmp//hive.log
FAILED: Execution Error, return code 2 from org.apache.hadoop.hive.ql.exec.MapRedTask
