PREHOOK: query: SELECT reflect("java.lang.StringClassThatDoesNotExist", "valueOf", 1),
       reflect("java.lang.String", "methodThatDoesNotExist"),
       reflect("java.lang.Math", "max", "overloadthatdoesnotexist", 3),
       reflect("java.lang.Math", "min", 2, 3),
       reflect("java.lang.Math", "round", 2.5),
       reflect("java.lang.Math", "exp", 1.0),
       reflect("java.lang.Math", "floor", 1.9)
FROM src LIMIT 1
PREHOOK: type: QUERY
PREHOOK: Input: default@src
PREHOOK: Output: file:/tmp/salbiz/hive_2011-08-02_17-12-49_514_931146053236968163/-mr-10000
Execution failed with exit status: 2
Obtaining error information

Task failed!
Task ID:
  Stage-1

Logs:

/data/users/salbiz/apache-hive/build/ql/tmp//hive.log
FAILED: Execution Error, return code 2 from org.apache.hadoop.hive.ql.exec.MapRedTask
