Semantic Exception: 
Line 2:50 Ambiguous table alias or column reference 'key'