PREHOOK: query: create table exim_department ( dep_id int comment "department id") 	
	stored as textfile	
	tblproperties("creator"="krishna")
PREHOOK: type: CREATETABLE
POSTHOOK: query: create table exim_department ( dep_id int comment "department id") 	
	stored as textfile	
	tblproperties("creator"="krishna")
POSTHOOK: type: CREATETABLE
POSTHOOK: Output: default@exim_department
PREHOOK: query: load data local inpath "../data/files/test.dat" into table exim_department
PREHOOK: type: LOAD
PREHOOK: Output: default@exim_department
POSTHOOK: query: load data local inpath "../data/files/test.dat" into table exim_department
POSTHOOK: type: LOAD
POSTHOOK: Output: default@exim_department
PREHOOK: query: export table exim_department to 'ql/test/data/exports/exim_department'
PREHOOK: type: EXPORT
PREHOOK: Input: default@exim_department
PREHOOK: Output: pfile:/Users/krishnak/Projects/hdp/sources/hive-git-apache/build/ql/test/data/exports/exim_department
POSTHOOK: query: export table exim_department to 'ql/test/data/exports/exim_department'
POSTHOOK: type: EXPORT
POSTHOOK: Input: default@exim_department
POSTHOOK: Output: pfile:/Users/krishnak/Projects/hdp/sources/hive-git-apache/build/ql/test/data/exports/exim_department
PREHOOK: query: drop table exim_department
PREHOOK: type: DROPTABLE
PREHOOK: Input: default@exim_department
PREHOOK: Output: default@exim_department
POSTHOOK: query: drop table exim_department
POSTHOOK: type: DROPTABLE
POSTHOOK: Input: default@exim_department
POSTHOOK: Output: default@exim_department
PREHOOK: query: create database importer
PREHOOK: type: CREATEDATABASE
POSTHOOK: query: create database importer
POSTHOOK: type: CREATEDATABASE
PREHOOK: query: use importer
PREHOOK: type: SWITCHDATABASE
POSTHOOK: query: use importer
POSTHOOK: type: SWITCHDATABASE
PREHOOK: query: import external table exim_department from 'ql/test/data/exports/exim_department' 
	location 'ql/test/data/tablestore/exim_department'
PREHOOK: type: IMPORT
POSTHOOK: query: import external table exim_department from 'ql/test/data/exports/exim_department' 
	location 'ql/test/data/tablestore/exim_department'
POSTHOOK: type: IMPORT
POSTHOOK: Output: importer@exim_department
PREHOOK: query: describe extended exim_department
PREHOOK: type: DESCTABLE
POSTHOOK: query: describe extended exim_department
POSTHOOK: type: DESCTABLE
dep_id	int	department id
	 	 
Detailed Table Information	Table(tableName:exim_department, dbName:importer, owner:krishnak, createTime:1300687502, lastAccessTime:0, retention:0, sd:StorageDescriptor(cols:[FieldSchema(name:dep_id, type:int, comment:department id)], location:pfile:/Users/krishnak/Projects/hdp/sources/hive-git-apache/build/ql/test/data/tablestore/exim_department, inputFormat:org.apache.hadoop.mapred.TextInputFormat, outputFormat:org.apache.hadoop.hive.ql.io.HiveIgnoreKeyTextOutputFormat, compressed:false, numBuckets:-1, serdeInfo:SerDeInfo(name:null, serializationLib:org.apache.hadoop.hive.serde2.lazy.LazySimpleSerDe, parameters:{serialization.format=1}), bucketCols:[], sortCols:[], parameters:{}), partitionKeys:[], parameters:{EXTERNAL=TRUE, transient_lastDdlTime=1300687502, creator=krishna}, viewOriginalText:null, viewExpandedText:null, tableType:EXTERNAL_TABLE)	
PREHOOK: query: select * from exim_department
PREHOOK: type: QUERY
PREHOOK: Input: importer@exim_department
PREHOOK: Output: file:/var/folders/67/67R3POPtF90VG63KSmCbcU++F0U/-Tmp-/krishnak/hive_2011-03-20_23-05-02_657_1576955936784944413/-mr-10000
POSTHOOK: query: select * from exim_department
POSTHOOK: type: QUERY
POSTHOOK: Input: importer@exim_department
POSTHOOK: Output: file:/var/folders/67/67R3POPtF90VG63KSmCbcU++F0U/-Tmp-/krishnak/hive_2011-03-20_23-05-02_657_1576955936784944413/-mr-10000
1
2
3
4
5
6
PREHOOK: query: select * from exim_department
PREHOOK: type: QUERY
PREHOOK: Input: importer@exim_department
PREHOOK: Output: file:/var/folders/67/67R3POPtF90VG63KSmCbcU++F0U/-Tmp-/krishnak/hive_2011-03-20_23-05-03_041_1175787370939755977/-mr-10000
POSTHOOK: query: select * from exim_department
POSTHOOK: type: QUERY
POSTHOOK: Input: importer@exim_department
POSTHOOK: Output: file:/var/folders/67/67R3POPtF90VG63KSmCbcU++F0U/-Tmp-/krishnak/hive_2011-03-20_23-05-03_041_1175787370939755977/-mr-10000
PREHOOK: query: drop table exim_department
PREHOOK: type: DROPTABLE
PREHOOK: Input: importer@exim_department
PREHOOK: Output: importer@exim_department
POSTHOOK: query: drop table exim_department
POSTHOOK: type: DROPTABLE
POSTHOOK: Input: importer@exim_department
POSTHOOK: Output: importer@exim_department
PREHOOK: query: drop database importer
PREHOOK: type: DROPDATABASE
POSTHOOK: query: drop database importer
POSTHOOK: type: DROPDATABASE
