PREHOOK: query: EXPLAIN SELECT 'face''book', 'face' 'book', 'face'
                                            'book',
               "face""book", "face" "book", "face"
                                            "book",
               'face' 'bo' 'ok', 'face'"book",
               "face"'book', 'facebook' FROM src LIMIT 1
PREHOOK: type: QUERY
POSTHOOK: query: EXPLAIN SELECT 'face''book', 'face' 'book', 'face'
                                            'book',
               "face""book", "face" "book", "face"
                                            "book",
               'face' 'bo' 'ok', 'face'"book",
               "face"'book', 'facebook' FROM src LIMIT 1
POSTHOOK: type: QUERY
ABSTRACT SYNTAX TREE:
  (TOK_QUERY (TOK_FROM (TOK_TABREF (TOK_TABNAME src))) (TOK_INSERT (TOK_DESTINATION (TOK_DIR TOK_TMP_FILE)) (TOK_SELECT (TOK_SELEXPR 'face''book') (TOK_SELEXPR (TOK_STRINGLITERALSEQUENCE 'face' 'book')) (TOK_SELEXPR (TOK_STRINGLITERALSEQUENCE 'face' 'book')) (TOK_SELEXPR "face""book") (TOK_SELEXPR (TOK_STRINGLITERALSEQUENCE "face" "book")) (TOK_SELEXPR (TOK_STRINGLITERALSEQUENCE "face" "book")) (TOK_SELEXPR (TOK_STRINGLITERALSEQUENCE 'face' 'bo' 'ok')) (TOK_SELEXPR 'face'"book") (TOK_SELEXPR "face"'book') (TOK_SELEXPR 'facebook')) (TOK_LIMIT 1)))

STAGE DEPENDENCIES:
  Stage-1 is a root stage
  Stage-0 is a root stage

STAGE PLANS:
  Stage: Stage-1
    Map Reduce
      Alias -> Map Operator Tree:
        src 
          TableScan
            alias: src
            Select Operator
              expressions:
                    expr: 'facebook'
                    type: string
                    expr: 'facebook'
                    type: string
                    expr: 'facebook'
                    type: string
                    expr: 'facebook'
                    type: string
                    expr: 'facebook'
                    type: string
                    expr: 'facebook'
                    type: string
                    expr: 'facebook'
                    type: string
                    expr: 'facebook'
                    type: string
                    expr: 'facebook'
                    type: string
                    expr: 'facebook'
                    type: string
              outputColumnNames: _col0, _col1, _col2, _col3, _col4, _col5, _col6, _col7, _col8, _col9
              Limit
                File Output Operator
                  compressed: false
                  GlobalTableId: 0
                  table:
                      input format: org.apache.hadoop.mapred.TextInputFormat
                      output format: org.apache.hadoop.hive.ql.io.HiveIgnoreKeyTextOutputFormat

  Stage: Stage-0
    Fetch Operator
      limit: 1


PREHOOK: query: SELECT 'face''book', 'face' 'book', 'face'
                                    'book',
       "face""book", "face" "book", "face"
                                    "book",
       'face' 'bo' 'ok', 'face'"book",
       "face"'book', 'facebook' FROM src LIMIT 1
PREHOOK: type: QUERY
PREHOOK: Input: default@src
PREHOOK: Output: file:/var/folders/71/h_j6fpg10r33hvx1lcxlgttcw61_4s/T/jonchang/hive_2011-11-06_11-17-00_593_8968392215771784039/-mr-10000
POSTHOOK: query: SELECT 'face''book', 'face' 'book', 'face'
                                    'book',
       "face""book", "face" "book", "face"
                                    "book",
       'face' 'bo' 'ok', 'face'"book",
       "face"'book', 'facebook' FROM src LIMIT 1
POSTHOOK: type: QUERY
POSTHOOK: Input: default@src
POSTHOOK: Output: file:/var/folders/71/h_j6fpg10r33hvx1lcxlgttcw61_4s/T/jonchang/hive_2011-11-06_11-17-00_593_8968392215771784039/-mr-10000
facebook	facebook	facebook	facebook	facebook	facebook	facebook	facebook	facebook	facebook
