PREHOOK: query: select cast('2011-05-06 07:08:09' as timestamp) > 
  cast('2011-05-06 07:08:09' as timestamp) from src limit 1
PREHOOK: type: QUERY
PREHOOK: Input: default@src
PREHOOK: Output: file:/tmp/franklin/hive_2011-07-06_18-09-32_519_8364837448470167055/-mr-10000
POSTHOOK: query: select cast('2011-05-06 07:08:09' as timestamp) > 
  cast('2011-05-06 07:08:09' as timestamp) from src limit 1
POSTHOOK: type: QUERY
POSTHOOK: Input: default@src
POSTHOOK: Output: file:/tmp/franklin/hive_2011-07-06_18-09-32_519_8364837448470167055/-mr-10000
false
PREHOOK: query: select cast('2011-05-06 07:08:09' as timestamp) <
  cast('2011-05-06 07:08:09' as timestamp) from src limit 1
PREHOOK: type: QUERY
PREHOOK: Input: default@src
PREHOOK: Output: file:/tmp/franklin/hive_2011-07-06_18-09-35_762_374402174619403002/-mr-10000
POSTHOOK: query: select cast('2011-05-06 07:08:09' as timestamp) <
  cast('2011-05-06 07:08:09' as timestamp) from src limit 1
POSTHOOK: type: QUERY
POSTHOOK: Input: default@src
POSTHOOK: Output: file:/tmp/franklin/hive_2011-07-06_18-09-35_762_374402174619403002/-mr-10000
false
PREHOOK: query: select cast('2011-05-06 07:08:09' as timestamp) = 
  cast('2011-05-06 07:08:09' as timestamp) from src limit 1
PREHOOK: type: QUERY
PREHOOK: Input: default@src
PREHOOK: Output: file:/tmp/franklin/hive_2011-07-06_18-09-38_788_5635730866062139704/-mr-10000
POSTHOOK: query: select cast('2011-05-06 07:08:09' as timestamp) = 
  cast('2011-05-06 07:08:09' as timestamp) from src limit 1
POSTHOOK: type: QUERY
POSTHOOK: Input: default@src
POSTHOOK: Output: file:/tmp/franklin/hive_2011-07-06_18-09-38_788_5635730866062139704/-mr-10000
true
PREHOOK: query: select cast('2011-05-06 07:08:09' as timestamp) <>
  cast('2011-05-06 07:08:09' as timestamp) from src limit 1
PREHOOK: type: QUERY
PREHOOK: Input: default@src
PREHOOK: Output: file:/tmp/franklin/hive_2011-07-06_18-09-41_803_7173891637306783676/-mr-10000
POSTHOOK: query: select cast('2011-05-06 07:08:09' as timestamp) <>
  cast('2011-05-06 07:08:09' as timestamp) from src limit 1
POSTHOOK: type: QUERY
POSTHOOK: Input: default@src
POSTHOOK: Output: file:/tmp/franklin/hive_2011-07-06_18-09-41_803_7173891637306783676/-mr-10000
false
PREHOOK: query: select cast('2011-05-06 07:08:09' as timestamp) >=
  cast('2011-05-06 07:08:09' as timestamp) from src limit 1
PREHOOK: type: QUERY
PREHOOK: Input: default@src
PREHOOK: Output: file:/tmp/franklin/hive_2011-07-06_18-09-44_748_5479207213327992908/-mr-10000
POSTHOOK: query: select cast('2011-05-06 07:08:09' as timestamp) >=
  cast('2011-05-06 07:08:09' as timestamp) from src limit 1
POSTHOOK: type: QUERY
POSTHOOK: Input: default@src
POSTHOOK: Output: file:/tmp/franklin/hive_2011-07-06_18-09-44_748_5479207213327992908/-mr-10000
true
PREHOOK: query: select cast('2011-05-06 07:08:09' as timestamp) <=
  cast('2011-05-06 07:08:09' as timestamp) from src limit 1
PREHOOK: type: QUERY
PREHOOK: Input: default@src
PREHOOK: Output: file:/tmp/franklin/hive_2011-07-06_18-09-47_676_4858015920608435969/-mr-10000
POSTHOOK: query: select cast('2011-05-06 07:08:09' as timestamp) <=
  cast('2011-05-06 07:08:09' as timestamp) from src limit 1
POSTHOOK: type: QUERY
POSTHOOK: Input: default@src
POSTHOOK: Output: file:/tmp/franklin/hive_2011-07-06_18-09-47_676_4858015920608435969/-mr-10000
true
PREHOOK: query: select cast('2011-05-06 07:08:09' as timestamp) >=
  cast('2011-05-06 07:08:09.1' as timestamp) from src limit 1
PREHOOK: type: QUERY
PREHOOK: Input: default@src
PREHOOK: Output: file:/tmp/franklin/hive_2011-07-06_18-09-50_625_9121503583543935508/-mr-10000
POSTHOOK: query: select cast('2011-05-06 07:08:09' as timestamp) >=
  cast('2011-05-06 07:08:09.1' as timestamp) from src limit 1
POSTHOOK: type: QUERY
POSTHOOK: Input: default@src
POSTHOOK: Output: file:/tmp/franklin/hive_2011-07-06_18-09-50_625_9121503583543935508/-mr-10000
false
PREHOOK: query: select cast('2011-05-06 07:08:09' as timestamp) <
  cast('2011-05-06 07:08:09.1' as timestamp) from src limit 1
PREHOOK: type: QUERY
PREHOOK: Input: default@src
PREHOOK: Output: file:/tmp/franklin/hive_2011-07-06_18-09-53_594_2460043482331880840/-mr-10000
POSTHOOK: query: select cast('2011-05-06 07:08:09' as timestamp) <
  cast('2011-05-06 07:08:09.1' as timestamp) from src limit 1
POSTHOOK: type: QUERY
POSTHOOK: Input: default@src
POSTHOOK: Output: file:/tmp/franklin/hive_2011-07-06_18-09-53_594_2460043482331880840/-mr-10000
true
PREHOOK: query: select cast('2011-05-06 07:08:09.1000' as timestamp) =
  cast('2011-05-06 07:08:09.1' as timestamp) from src limit 1
PREHOOK: type: QUERY
PREHOOK: Input: default@src
PREHOOK: Output: file:/tmp/franklin/hive_2011-07-06_18-09-56_524_8870776672820297370/-mr-10000
POSTHOOK: query: select cast('2011-05-06 07:08:09.1000' as timestamp) =
  cast('2011-05-06 07:08:09.1' as timestamp) from src limit 1
POSTHOOK: type: QUERY
POSTHOOK: Input: default@src
POSTHOOK: Output: file:/tmp/franklin/hive_2011-07-06_18-09-56_524_8870776672820297370/-mr-10000
true
